// Jest Snapshot v1, https://goo.gl/fbAQLP

exports[`SelectionList Component it should match the snapshot 1`] = `
<DocumentFragment>
  <div
    class="ui selection very relaxed list ltr"
    role="list"
  >
    <div
      class="item"
      role="listitem"
    >
      <i
        aria-hidden="true"
        class="blue world big icon middle"
      />
      <div
        class="content ltr-content"
      >
        <h2
          class="header"
        >
          Hello
        </h2>
        <div
          class="description"
        >
          start now
        </div>
      </div>
    </div>
  </div>
</DocumentFragment>
`;
