// Jest Snapshot v1, https://goo.gl/fbAQLP

exports[`CreateProfile Component it should match the snapshot 1`] = `
<DocumentFragment>
  <form
    class="ui form"
  >
    <h2
      class="ui header centered"
    >
      Create profile
    </h2>
    <div
      class="field"
    >
      <div
        class="ui fluid left icon input"
      >
        <input
          placeholder="Name"
          type="text"
          value=""
        />
        <i
          aria-hidden="true"
          class="user icon"
        />
      </div>
    </div>
    <div
      class="field"
    >
      <div
        class="ui fluid left icon input"
      >
        <input
          placeholder="Password"
          type="text"
          value=""
        />
        <i
          aria-hidden="true"
          class="key icon"
        />
      </div>
    </div>
    <div
      class="field"
    >
      <div
        class="ui fluid left icon input"
      >
        <input
          placeholder="Confirm password"
          type="text"
          value=""
        />
        <i
          aria-hidden="true"
          class="key icon"
        />
      </div>
    </div>
    <button
      class="ui fluid primary disabled button"
      disabled=""
      tabindex="-1"
      type="submit"
    >
      Create
    </button>
  </form>
</DocumentFragment>
`;
