// Jest Snapshot v1, https://goo.gl/fbAQLP

exports[`Onboarding Component it should match the snapshot 1`] = `
<DocumentFragment>
  <div
    class="ui centered grid max-height"
  >
    <div
      class="middle aligned column layout ltr"
    >
      <div
        class="ui list"
        role="list"
      >
        <div
          class="item mb-small"
          role="listitem"
        >
          <div
            aria-expanded="false"
            class="ui fluid selection dropdown"
            role="listbox"
            tabindex="0"
          >
            <div
              aria-atomic="true"
              aria-live="polite"
              class="divider default text"
              role="alert"
            >
              Select language
            </div>
            <i
              aria-hidden="true"
              class="dropdown icon"
            />
            <div
              class="menu transition"
            >
              <div
                aria-checked="false"
                aria-selected="true"
                class="selected item"
                role="option"
                style="pointer-events: all;"
              >
                <span
                  class="text"
                >
                  English
                </span>
              </div>
              <div
                aria-checked="false"
                aria-selected="false"
                class="item"
                role="option"
                style="pointer-events: all;"
              >
                <span
                  class="text"
                >
                  عربي
                </span>
              </div>
              <div
                aria-checked="false"
                aria-selected="false"
                class="item"
                role="option"
                style="pointer-events: all;"
              >
                <span
                  class="text"
                >
                  Deutsch
                </span>
              </div>
              <div
                aria-checked="false"
                aria-selected="false"
                class="item"
                role="option"
                style="pointer-events: all;"
              >
                <span
                  class="text"
                >
                  Français
                </span>
              </div>
              <div
                aria-checked="false"
                aria-selected="false"
                class="item"
                role="option"
                style="pointer-events: all;"
              >
                <span
                  class="text"
                >
                  Español
                </span>
              </div>
              <div
                aria-checked="false"
                aria-selected="false"
                class="item"
                role="option"
                style="pointer-events: all;"
              >
                <span
                  class="text"
                >
                  中文
                </span>
              </div>
            </div>
          </div>
        </div>
        <div
          class="item"
          role="listitem"
        >
          <button
            class="ui fluid primary disabled button"
            disabled=""
            tabindex="-1"
          >
            Select
          </button>
        </div>
      </div>
    </div>
  </div>
</DocumentFragment>
`;
